分类: 📺英国频道, 名称: BBC One South East, 有效: 0, IPv4: 1, IPv6: 0, 最小延迟: -1 ms, 最高速率: 0.00 M/s, 平均速率: 0.00 M/s, 最高分辨率: None, 平均帧率: 未知, 视频编解码器: 未知, 音频编解码器: 未知
分类: 📺英国频道, 名称: CBBC, 有效: 0, IPv4: 1, IPv6: 0, 最小延迟: -1 ms, 最高速率: 0.00 M/s, 平均速率: 0.00 M/s, 最高分辨率: None, 平均帧率: 未知, 视频编解码器: 未知, 音频编解码器: 未知
分类: 📺英国频道, 名称: BBC Three, 有效: 0, IPv4: 1, IPv6: 0, 最小延迟: -1 ms, 最高速率: 0.00 M/s, 平均速率: 0.00 M/s, 最高分辨率: None, 平均帧率: 未知, 视频编解码器: 未知, 音频编解码器: 未知
分类: 📺美国频道, 名称: Fox Weather, 有效: 1, IPv4: 1, IPv6: 0, 最小延迟: 127 ms, 最高速率: 12.69 M/s, 平均速率: 12.69 M/s, 最高分辨率: None, 平均帧率: 未知, 视频编解码器: 未知, 音频编解码器: 未知
分类: 📺英国频道, 名称: BBC Two, 有效: 0, IPv4: 1, IPv6: 0, 最小延迟: -1 ms, 最高速率: 0.00 M/s, 平均速率: 0.00 M/s, 最高分辨率: None, 平均帧率: 未知, 视频编解码器: 未知, 音频编解码器: 未知
分类: 📺英国频道, 名称: ITV 2, 有效: 0, IPv4: 1, IPv6: 0, 最小延迟: -1 ms, 最高速率: 0.00 M/s, 平均速率: 0.00 M/s, 最高分辨率: None, 平均帧率: 未知, 视频编解码器: 未知, 音频编解码器: 未知
分类: 📺英国频道, 名称: U&Alibi, 有效: 0, IPv4: 1, IPv6: 0, 最小延迟: -1 ms, 最高速率: 0.00 M/s, 平均速率: 0.00 M/s, 最高分辨率: None, 平均帧率: 未知, 视频编解码器: 未知, 音频编解码器: 未知
分类: 📺英国频道, 名称: U&W, 有效: 0, IPv4: 1, IPv6: 0, 最小延迟: -1 ms, 最高速率: 0.00 M/s, 平均速率: 0.00 M/s, 最高分辨率: None, 平均帧率: 未知, 视频编解码器: 未知, 音频编解码器: 未知
分类: 📺央视频道, 名称: CCTV-12, 有效: 1, IPv4: 1, IPv6: 0, 最小延迟: 262 ms, 最高速率: 4.77 M/s, 平均速率: 4.77 M/s, 最高分辨率: None, 平均帧率: 未知, 视频编解码器: 未知, 音频编解码器: 未知
分类: 📺央视频道, 名称: CCTV-1, 有效: 1, IPv4: 2, IPv6: 0, 最小延迟: 1171 ms, 最高速率: 4.47 M/s, 平均速率: 4.47 M/s, 最高分辨率: None, 平均帧率: 未知, 视频编解码器: 未知, 音频编解码器: 未知
分类: 📺央视频道, 名称: CCTV-6, 有效: 1, IPv4: 1, IPv6: 0, 最小延迟: 1416 ms, 最高速率: 0.20 M/s, 平均速率: 0.20 M/s, 最高分辨率: None, 平均帧率: 未知, 视频编解码器: 未知, 音频编解码器: 未知
分类: 📺央视频道, 名称: CCTV-10, 有效: 1, IPv4: 1, IPv6: 0, 最小延迟: 1206 ms, 最高速率: 1.09 M/s, 平均速率: 1.09 M/s, 最高分辨率: None, 平均帧率: 未知, 视频编解码器: 未知, 音频编解码器: 未知
分类: 📺央视频道, 名称: CCTV-3, 有效: 1, IPv4: 1, IPv6: 0, 最小延迟: 1695 ms, 最高速率: 1.47 M/s, 平均速率: 1.47 M/s, 最高分辨率: None, 平均帧率: 未知, 视频编解码器: 未知, 音频编解码器: 未知
分类: 📺央视频道, 名称: CCTV-16, 有效: 0, IPv4: 1, IPv6: 0, 最小延迟: -1 ms, 最高速率: 0.00 M/s, 平均速率: 0.00 M/s, 最高分辨率: None, 平均帧率: 未知, 视频编解码器: 未知, 音频编解码器: 未知
分类: 📺央视频道, 名称: CCTV-11, 有效: 1, IPv4: 1, IPv6: 0, 最小延迟: 1193 ms, 最高速率: 1.01 M/s, 平均速率: 1.01 M/s, 最高分辨率: None, 平均帧率: 未知, 视频编解码器: 未知, 音频编解码器: 未知
分类: 📺央视频道, 名称: CCTV-2, 有效: 1, IPv4: 1, IPv6: 0, 最小延迟: 1817 ms, 最高速率: 0.12 M/s, 平均速率: 0.12 M/s, 最高分辨率: None, 平均帧率: 未知, 视频编解码器: 未知, 音频编解码器: 未知
分类: 📺央视频道, 名称: CCTV-14, 有效: 1, IPv4: 1, IPv6: 0, 最小延迟: 1049 ms, 最高速率: 2.01 M/s, 平均速率: 2.01 M/s, 最高分辨率: None, 平均帧率: 未知, 视频编解码器: 未知, 音频编解码器: 未知
分类: 📺央视频道, 名称: CCTV-17, 有效: 1, IPv4: 1, IPv6: 0, 最小延迟: 870 ms, 最高速率: 5.29 M/s, 平均速率: 5.29 M/s, 最高分辨率: None, 平均帧率: 未知, 视频编解码器: 未知, 音频编解码器: 未知
分类: 📺央视频道, 名称: CCTV-7, 有效: 1, IPv4: 1, IPv6: 0, 最小延迟: 2738 ms, 最高速率: 0.12 M/s, 平均速率: 0.12 M/s, 最高分辨率: None, 平均帧率: 未知, 视频编解码器: 未知, 音频编解码器: 未知
分类: 📺央视频道, 名称: CCTV-13, 有效: 1, IPv4: 2, IPv6: 0, 最小延迟: 1996 ms, 最高速率: 2.86 M/s, 平均速率: 2.86 M/s, 最高分辨率: None, 平均帧率: 未知, 视频编解码器: 未知, 音频编解码器: 未知
分类: 📺央视频道, 名称: CCTV-8, 有效: 1, IPv4: 1, IPv6: 0, 最小延迟: 2641 ms, 最高速率: 0.12 M/s, 平均速率: 0.12 M/s, 最高分辨率: None, 平均帧率: 未知, 视频编解码器: 未知, 音频编解码器: 未知
分类: 📺央视频道, 名称: CCTV-8K, 有效: 1, IPv4: 1, IPv6: 0, 最小延迟: 1176 ms, 最高速率: 0.38 M/s, 平均速率: 0.38 M/s, 最高分辨率: None, 平均帧率: 未知, 视频编解码器: 未知, 音频编解码器: 未知
分类: ☘️吉林频道, 名称: 通化新闻综合, 有效: 0, IPv4: 1, IPv6: 0, 最小延迟: -1 ms, 最高速率: 0.00 M/s, 平均速率: 0.00 M/s, 最高分辨率: None, 平均帧率: 未知, 视频编解码器: 未知, 音频编解码器: 未知
分类: 🏀体育频道, 名称: 风云足球, 有效: 1, IPv4: 1, IPv6: 0, 最小延迟: 1148 ms, 最高速率: 0.82 M/s, 平均速率: 0.82 M/s, 最高分辨率: None, 平均帧率: 未知, 视频编解码器: 未知, 音频编解码器: 未知
分类: 🏀体育频道, 名称: CCTV-5+, 有效: 0, IPv4: 1, IPv6: 0, 最小延迟: -1 ms, 最高速率: 0.00 M/s, 平均速率: 0.00 M/s, 最高分辨率: None, 平均帧率: 未知, 视频编解码器: 未知, 音频编解码器: 未知
分类: ☘️广东频道, 名称: 广州综合, 有效: 1, IPv4: 1, IPv6: 0, 最小延迟: 2428 ms, 最高速率: 0.50 M/s, 平均速率: 0.50 M/s, 最高分辨率: None, 平均帧率: 未知, 视频编解码器: 未知, 音频编解码器: 未知
分类: 📺央视频道, 名称: CCTV-4K, 有效: 0, IPv4: 1, IPv6: 0, 最小延迟: 48 ms, 最高速率: 0.00 M/s, 平均速率: 0.00 M/s, 最高分辨率: None, 平均帧率: 未知, 视频编解码器: 未知, 音频编解码器: 未知
分类: ☘️吉林频道, 名称: 四平-1, 有效: 1, IPv4: 1, IPv6: 0, 最小延迟: 2127 ms, 最高速率: 0.19 M/s, 平均速率: 0.19 M/s, 最高分辨率: None, 平均帧率: 未知, 视频编解码器: 未知, 音频编解码器: 未知
分类: 🎵音乐频道, 名称: 风云音乐, 有效: 1, IPv4: 1, IPv6: 0, 最小延迟: 1218 ms, 最高速率: 0.38 M/s, 平均速率: 0.38 M/s, 最高分辨率: None, 平均帧率: 未知, 视频编解码器: 未知, 音频编解码器: 未知
分类: ☘️内蒙古频道, 名称: 赤峰新闻综合, 有效: 1, IPv4: 1, IPv6: 0, 最小延迟: 1851 ms, 最高速率: 0.56 M/s, 平均速率: 0.56 M/s, 最高分辨率: None, 平均帧率: 未知, 视频编解码器: 未知, 音频编解码器: 未知
分类: 💰央视付费频道, 名称: 央视台球, 有效: 1, IPv4: 1, IPv6: 0, 最小延迟: 1197 ms, 最高速率: 0.32 M/s, 平均速率: 0.32 M/s, 最高分辨率: None, 平均帧率: 未知, 视频编解码器: 未知, 音频编解码器: 未知
分类: 📺教育频道, 名称: CETV-1, 有效: 0, IPv4: 1, IPv6: 0, 最小延迟: -1 ms, 最高速率: 0.00 M/s, 平均速率: 0.00 M/s, 最高分辨率: None, 平均帧率: 未知, 视频编解码器: 未知, 音频编解码器: 未知
分类: 📺教育频道, 名称: CETV-2, 有效: 0, IPv4: 1, IPv6: 0, 最小延迟: -1 ms, 最高速率: 0.00 M/s, 平均速率: 0.00 M/s, 最高分辨率: None, 平均帧率: 未知, 视频编解码器: 未知, 音频编解码器: 未知
分类: 💰央视付费频道, 名称: 第一剧场, 有效: 1, IPv4: 1, IPv6: 0, 最小延迟: 1497 ms, 最高速率: 2.53 M/s, 平均速率: 2.53 M/s, 最高分辨率: None, 平均帧率: 未知, 视频编解码器: 未知, 音频编解码器: 未知
分类: ☘️黑龙江频道, 名称: 哈尔滨影视, 有效: 1, IPv4: 1, IPv6: 0, 最小延迟: 2453 ms, 最高速率: 0.18 M/s, 平均速率: 0.18 M/s, 最高分辨率: None, 平均帧率: 未知, 视频编解码器: 未知, 音频编解码器: 未知
分类: ☘️黑龙江频道, 名称: 哈尔滨新闻综合, 有效: 1, IPv4: 1, IPv6: 0, 最小延迟: 2468 ms, 最高速率: 0.19 M/s, 平均速率: 0.19 M/s, 最高分辨率: None, 平均帧率: 未知, 视频编解码器: 未知, 音频编解码器: 未知
分类: 💰央视付费频道, 名称: 怀旧剧场, 有效: 1, IPv4: 1, IPv6: 0, 最小延迟: 2088 ms, 最高速率: 0.40 M/s, 平均速率: 0.40 M/s, 最高分辨率: None, 平均帧率: 未知, 视频编解码器: 未知, 音频编解码器: 未知
分类: 💰央视付费频道, 名称: 风云剧场, 有效: 1, IPv4: 1, IPv6: 0, 最小延迟: 1108 ms, 最高速率: 1.58 M/s, 平均速率: 1.58 M/s, 最高分辨率: None, 平均帧率: 未知, 视频编解码器: 未知, 音频编解码器: 未知
分类: 💰央视付费频道, 名称: 兵器科技, 有效: 1, IPv4: 1, IPv6: 0, 最小延迟: 2843 ms, 最高速率: 2.48 M/s, 平均速率: 2.48 M/s, 最高分辨率: None, 平均帧率: 未知, 视频编解码器: 未知, 音频编解码器: 未知
分类: 📺美国频道, 名称: Fox News, 有效: 1, IPv4: 1, IPv6: 0, 最小延迟: 10609 ms, 最高速率: 0.11 M/s, 平均速率: 0.11 M/s, 最高分辨率: None, 平均帧率: 未知, 视频编解码器: 未知, 音频编解码器: 未知
分类: 💰央视付费频道, 名称: 高尔夫网球, 有效: 1, IPv4: 1, IPv6: 0, 最小延迟: 5104 ms, 最高速率: 0.13 M/s, 平均速率: 0.13 M/s, 最高分辨率: None, 平均帧率: 未知, 视频编解码器: 未知, 音频编解码器: 未知
分类: 💰央视付费频道, 名称: 卫生健康, 有效: 1, IPv4: 1, IPv6: 0, 最小延迟: 4771 ms, 最高速率: 0.15 M/s, 平均速率: 0.15 M/s, 最高分辨率: None, 平均帧率: 未知, 视频编解码器: 未知, 音频编解码器: 未知
